yarn run v1.22.22
$ node scripts/enforce-exact-expo-pin.js && python3 ../scripts/auto_fixer_corruption_guard.py && node scripts/i18n-seed-safe.js && node scripts/verify-package-json.js && node scripts/payment-picker-viewport-guard.js && node scripts/runtime-crash-sentinel.js --scope=critical && node scripts/theme-build-gate.js && METRO_MAX_WORKERS=1 node node_modules/expo/bin/cli export --platform web --max-workers 1 && node scripts/bump-sw.js && node scripts/precompress-assets.js
[enforce-exact-expo-pin] expo already exact pinned (54.0.34)
✓ No auto-fixer corruption patterns detected across 825 source files.
[i18n-seed-safe] non-blocking seed skip: Traceback (most recent call last):
[i18n-route-gate] scanned route files: 199
[i18n-route-gate] baseline=0 current=0 newly_introduced=0
[i18n-route-gate] PASS: no newly introduced route hardcoded-copy violations.
[verify-package-json] ✓ all required scripts resolve to the local expo CLI
[payment-picker-viewport-guard] PASS
[runtime-crash-sentinel] PASS (critical) — scanned 23 files, no crash signatures found.

🔒 Theme Compliance Build Gate (strict)

   Running local V2 theme audit scanner...
   Grade: A | Warns: 2 | Fails: 0 | Infos: 1 | Files: 676
   Report: /app/frontend/.quality/theme_build_gate_report.json
   ✅ GATE PASSED (transitional) — no FAIL issues; WARN/INFO report emitted.

env: load .env
env: export EXPO_TUNNEL_SUBDOMAIN EXPO_PACKAGER_HOSTNAME EXPO_PUBLIC_BACKEND_URL REACT_APP_BACKEND_URL EXPO_USE_FAST_RESOLVER METRO_CACHE_ROOT EXPO_SKIP_CORS_CHECK EXPO_PUBLIC_AZURE_CLIENT_ID EXPO_DEVTOOLS_LISTEN_ADDRESS EXPO_PUBLIC_GOOGLE_SITE_VERIFICATION EXPO_NO_METRO_LAZY EXPO_NO_TYPESCRIPT_SETUP EXPO_PUBLIC_VAPID_KEY EXPO_PACKAGER_PROXY_URL REACT_APP_OTEL_EXPORTER_OTLP_HTTP EXPECTED_PREVIEW_HOST DIST_FORCE_REBUILD SKIP_STARTUP_PROBE
Starting Metro Bundler
Static rendering is enabled. Learn more: https://docs.expo.dev/router/reference/static-rendering/
Web ./index.js ░░░░░░░░░░░░░░░░  1.0% (1/1)
λ node_modules/expo-router/node/render.js ░░░░░░░░░░░░░░░░  0.0% (0/1)
Web ./index.js ▓▓░░░░░░░░░░░░░░ 17.0% ( 23/301)
λ node_modules/expo-router/node/render.js ░░░░░░░░░░░░░░░░  0.0% (0/1)
Web ./index.js ▓▓░░░░░░░░░░░░░░ 17.0% ( 34/354)
λ node_modules/expo-router/node/render.js ░░░░░░░░░░░░░░░░  0.0% (0/1)
Web ./index.js ▓▓░░░░░░░░░░░░░░ 17.0% ( 46/359)
λ node_modules/expo-router/node/render.js ░░░░░░░░░░░░░░░░  0.0% (0/1)
Web ./index.js ▓▓░░░░░░░░░░░░░░ 17.0% ( 61/366)
λ node_modules/expo-router/node/render.js ░░░░░░░░░░░░░░░░  0.0% (0/1)
Web ./index.js ▓▓░░░░░░░░░░░░░░ 17.0% ( 73/383)
λ node_modules/expo-router/node/render.js ░░░░░░░░░░░░░░░░  0.0% (0/1)
