================================================================================
WATCH VIDEOS BACKEND E2E VERIFICATION
Role/Plan Correction Re-run
External URL: https://visa-polish-v2.preview.emergentagent.com
Testing via internal backend: http://127.0.0.1:8001
Started: 2026-05-11T22:34:38.574053Z
================================================================================

================================================================================
TEST 1: Bootstrap Plan + Scope Labels + Limits
================================================================================

--- Testing FREE account ---
✅ PASS: 1.free.login
  Login successful, token length: 271
✅ PASS: 1.free.plan
  Expected: free, Actual: free
✅ PASS: 1.free.scope_label
  Expected: 'Limited access', Actual: 'Limited access'
✅ PASS: 1.free.limit
  Expected: 5, Actual: 5

--- Testing BASIC account ---
✅ PASS: 1.basic.login
  Login successful, token length: 272
✅ PASS: 1.basic.plan
  Expected: basic, Actual: basic
✅ PASS: 1.basic.scope_label
  Expected: 'Almost unlimited access', Actual: 'Almost unlimited access'
✅ PASS: 1.basic.limit
  Expected: 120, Actual: 120

--- Testing PREMIUM account ---
✅ PASS: 1.premium.login
  Login successful, token length: 275
✅ PASS: 1.premium.plan
  Expected: premium, Actual: premium
✅ PASS: 1.premium.scope_label
  Expected: 'Full unlimited access', Actual: 'Full unlimited access'
✅ PASS: 1.premium.limit
  Expected: -1, Actual: -1

================================================================================
TEST 2: 403 Gating (Free blocked on basic/premium, Basic blocked on premium)
================================================================================

Found videos: 47 free, 60 basic, 13 premium
✅ PASS: 2a.free_blocked_on_basic
  Free user watching basic video: status=403 (expected 403), video_id=wv_fefe8b914ea34c
✅ PASS: 2b.free_blocked_on_premium
  Free user watching premium video: status=403 (expected 403), video_id=wv_0c85c20cfe8e41
✅ PASS: 2c.basic_blocked_on_premium
  Basic user watching premium video: status=403 (expected 403), video_id=wv_0c85c20cfe8e41

================================================================================
TEST 3: Premium Access Allowed Across All Tiers
================================================================================
✅ PASS: 3a.premium_access_free
  Premium user watching free video: status=200 (expected 200), video_id=wv_1971cfd2d27742
✅ PASS: 3b.premium_access_basic
  Premium user watching basic video: status=200 (expected 200), video_id=wv_fefe8b914ea34c
✅ PASS: 3c.premium_access_premium
  Premium user watching premium video: status=200 (expected 200), video_id=wv_0c85c20cfe8e41

================================================================================
TEST 4: Watch Endpoint Works for Allowed Content
================================================================================
✅ PASS: 4a.free_watch_free
  Free user watching free video: status=200 (expected 200), video_id=wv_3f5d726bb2b740
✅ PASS: 4b.basic_watch_basic
  Basic user watching basic video: status=200 (expected 200), video_id=wv_bac56a3a591a40

================================================================================
TEST 5: Free Cap Behavior (Continue-on-Same-Video Logic)
================================================================================

Initial quota: used=1, limit=5

Testing continue-on-same-video logic with video_id=wv_3f5d726bb2b740
  First watch: status=200, used=1
✅ PASS: 5a.continue_same_video
  Second watch of same video: used=1 (expected 1, should not increment)
✅ PASS: 5b.watch_new_video_0
  Watch new video: used=2 (expected 2), video_id=wv_5645f44623c149
✅ PASS: 5b.watch_new_video_1
  Watch new video: used=3 (expected 3), video_id=wv_1971cfd2d27742
✅ PASS: 5b.watch_new_video_2
  Watch new video: used=4 (expected 4), video_id=wv_6e60b251e26a4b
✅ PASS: 5b.watch_new_video_3
  Watch new video: used=5 (expected 5), video_id=wv_4a59fcde7aaa49
✅ PASS: 5b.cap_enforcement_4
  Watch after cap reached: status=429 (expected 429), video_id=wv_2ec25ba0b2be47

================================================================================
TEST 6: No 500 Errors
================================================================================
✅ PASS: 6.no_500s
  No 500 errors detected across all tests

================================================================================
SUMMARY
================================================================================

Total Tests: 27
Passed: 27
Failed: 0
Success Rate: 100.0%

--- Test Results by Category ---
1. Bootstrap Plan + Scope Labels: ✅ PASS
2. 403 Gating: ✅ PASS
3. Premium Access All Tiers: ✅ PASS
4. Watch Endpoint Allowed Content: ✅ PASS
5. Free Cap Behavior: ✅ PASS
6. No 500s: ✅ PASS

Evidence saved to: /app/watch_videos_e2e_role_plan_correction_evidence.json

================================================================================
FINAL RESULT: ✅ ALL TESTS PASSED
================================================================================
