[public] dark /welcome -> landed=/welcome redirected=False issues=0
[public] dark /pricing -> landed=/pricing redirected=False issues=0
[public] dark /gdpr -> landed=/gdpr redirected=False issues=0
[public] dark /security -> landed=/security redirected=False issues=0
[public] dark /careers -> landed=/careers redirected=False issues=0
[public] dark /blog -> landed=/blog redirected=False issues=0
[public] dark /talent-network -> landed=/talent-network redirected=False issues=0
[public] light /welcome -> landed=/welcome redirected=False issues=0
[public] light /pricing -> landed=/pricing redirected=False issues=0
[public] light /gdpr -> landed=/gdpr redirected=False issues=0
[public] light /security -> landed=/security redirected=False issues=0
[public] light /careers -> landed=/careers redirected=False issues=0
[public] light /blog -> landed=/blog redirected=False issues=0
[public] light /talent-network -> landed=/talent-network redirected=False issues=0
login attempt 1 failed, url=http://localhost:3000/auth/login
login form error: Locator.fill: Timeout 30000ms exceeded.
Call log:
  - waiting for locator("input[type=\"email\"], input[placeholder*=\"mail\" i]").first

login form error: Locator.fill: Timeout 30000ms exceeded.
Call log:
  - waiting for locator("input[type=\"email\"], input[placeholder*=\"mail\" i]").first

[user] login ok=False
login attempt 1 failed, url=http://localhost:3000/auth/login
